I'm sorry, but errors were detected in your script. Please correct the
errors listed below, and try again.


File "game/script.rpy", line 17: play requires a file
    play sncf.mp3
             ^

Ren'Py Version: Ren'Py 8.2.0.24012702
Thu Feb  1 22:13:13 2024
